09/06/26 01:11:55 PM [           FakeNet] Loaded configuration file: /usr/local/lib/python3.12/dist-packages/fakenet/configs/default.ini
09/06/26 01:11:56 PM [          Diverter] Capturing traffic to packets_20260906_131156.pcap
09/06/26 01:11:56 PM [          Diverter] WARNING: No gateways configured!
09/06/26 01:11:56 PM [          Diverter] Cannot fix gateway
09/06/26 01:11:56 PM [          Diverter]          Please configure a default gateway or route in order to intercept external traffic.
09/06/26 01:11:56 PM [          Diverter]          Current interception abilities are limited to local traffic.
09/06/26 01:11:56 PM [        DNS Server] Hiding logs from blacklisted processes
09/06/26 01:11:56 PM [               FTP] concurrency model: multi-thread
09/06/26 01:11:56 PM [               FTP] masquerade (NAT) address: None
09/06/26 01:11:56 PM [               FTP] passive ports: 60000->60010
dns-clean: unrecognized service
09/06/26 01:11:56 PM [          Diverter] Failed to flush DNS cache. Local machine may use cached DNS results.
09/06/26 01:11:56 PM [        DNS Server] Received A request for domain 'cdn-cache.tech'.
09/06/26 01:11:56 PM [        DNS Server] Received AAAA request for domain 'cdn-cache.tech'.
09/06/26 01:11:56 PM [          Diverter] Received nonlocal IPv4 datagram destined for 192.0.2.123
09/06/26 01:11:56 PM [    HTTPListener80]   GET / HTTP/1.1
09/06/26 01:11:56 PM [    HTTPListener80]   Host: cdn-cache.tech
09/06/26 01:11:56 PM [    HTTPListener80]   User-Agent: curl/8.5.0
09/06/26 01:11:56 PM [    HTTPListener80]   Accept: */*
09/06/26 01:11:56 PM [    HTTPListener80]   
09/06/26 01:11:56 PM [    HTTPListener80]   
